[
    "150.109.100.158:8858",
    "193.112.246.101:8858",
    "47.52.211.167:8858",
    "47.52.222.166:8858"
]
